[    2059ms] [LOG] Write a script to select a Dynamic cell value @ https://demoapps.qspiders.com/assets/index-C27VV1Fg.js:968
[    7504ms] ReferenceError: _ is not defined
    at https://demoapps.qspiders.com/assets/DynamicTable-lULTBC5p.js:3:152
[   13000ms] ReferenceError: _ is not defined
    at https://demoapps.qspiders.com/assets/DynamicTable-lULTBC5p.js:3:152
[   18508ms] ReferenceError: _ is not defined
    at https://demoapps.qspiders.com/assets/DynamicTable-lULTBC5p.js:3:152
[   24004ms] ReferenceError: _ is not defined
    at https://demoapps.qspiders.com/assets/DynamicTable-lULTBC5p.js:3:152
[   29507ms] ReferenceError: _ is not defined
    at https://demoapps.qspiders.com/assets/DynamicTable-lULTBC5p.js:3:152
[   35002ms] ReferenceError: _ is not defined
    at https://demoapps.qspiders.com/assets/DynamicTable-lULTBC5p.js:3:152
[   40549ms] ReferenceError: _ is not defined
    at https://demoapps.qspiders.com/assets/DynamicTable-lULTBC5p.js:3:152
[   45998ms] ReferenceError: _ is not defined
    at https://demoapps.qspiders.com/assets/DynamicTable-lULTBC5p.js:3:152
[   51497ms] ReferenceError: _ is not defined
    at https://demoapps.qspiders.com/assets/DynamicTable-lULTBC5p.js:3:152
[   57008ms] ReferenceError: _ is not defined
    at https://demoapps.qspiders.com/assets/DynamicTable-lULTBC5p.js:3:152
[   62510ms] ReferenceError: _ is not defined
    at https://demoapps.qspiders.com/assets/DynamicTable-lULTBC5p.js:3:152
[   68009ms] ReferenceError: _ is not defined
    at https://demoapps.qspiders.com/assets/DynamicTable-lULTBC5p.js:3:152
[   73496ms] ReferenceError: _ is not defined
    at https://demoapps.qspiders.com/assets/DynamicTable-lULTBC5p.js:3:152
[   78999ms] ReferenceError: _ is not defined
    at https://demoapps.qspiders.com/assets/DynamicTable-lULTBC5p.js:3:152
[   84498ms] ReferenceError: _ is not defined
    at https://demoapps.qspiders.com/assets/DynamicTable-lULTBC5p.js:3:152
[   90009ms] ReferenceError: _ is not defined
    at https://demoapps.qspiders.com/assets/DynamicTable-lULTBC5p.js:3:152
[   95510ms] ReferenceError: _ is not defined
    at https://demoapps.qspiders.com/assets/DynamicTable-lULTBC5p.js:3:152
[  100996ms] ReferenceError: _ is not defined
    at https://demoapps.qspiders.com/assets/DynamicTable-lULTBC5p.js:3:152
[  106510ms] ReferenceError: _ is not defined
    at https://demoapps.qspiders.com/assets/DynamicTable-lULTBC5p.js:3:152
[  112008ms] ReferenceError: _ is not defined
    at https://demoapps.qspiders.com/assets/DynamicTable-lULTBC5p.js:3:152
[  117510ms] ReferenceError: _ is not defined
    at https://demoapps.qspiders.com/assets/DynamicTable-lULTBC5p.js:3:152
[  123001ms] ReferenceError: _ is not defined
    at https://demoapps.qspiders.com/assets/DynamicTable-lULTBC5p.js:3:152
[  128506ms] ReferenceError: _ is not defined
    at https://demoapps.qspiders.com/assets/DynamicTable-lULTBC5p.js:3:152
[  134002ms] ReferenceError: _ is not defined
    at https://demoapps.qspiders.com/assets/DynamicTable-lULTBC5p.js:3:152
[  139504ms] ReferenceError: _ is not defined
    at https://demoapps.qspiders.com/assets/DynamicTable-lULTBC5p.js:3:152
[  145006ms] ReferenceError: _ is not defined
    at https://demoapps.qspiders.com/assets/DynamicTable-lULTBC5p.js:3:152
[  150503ms] ReferenceError: _ is not defined
    at https://demoapps.qspiders.com/assets/DynamicTable-lULTBC5p.js:3:152
[  156001ms] ReferenceError: _ is not defined
    at https://demoapps.qspiders.com/assets/DynamicTable-lULTBC5p.js:3:152
[  161497ms] ReferenceError: _ is not defined
    at https://demoapps.qspiders.com/assets/DynamicTable-lULTBC5p.js:3:152
[  166996ms] ReferenceError: _ is not defined
    at https://demoapps.qspiders.com/assets/DynamicTable-lULTBC5p.js:3:152
[  172503ms] ReferenceError: _ is not defined
    at https://demoapps.qspiders.com/assets/DynamicTable-lULTBC5p.js:3:152
[  177997ms] ReferenceError: _ is not defined
    at https://demoapps.qspiders.com/assets/DynamicTable-lULTBC5p.js:3:152
[  183499ms] ReferenceError: _ is not defined
    at https://demoapps.qspiders.com/assets/DynamicTable-lULTBC5p.js:3:152
[  189012ms] ReferenceError: _ is not defined
    at https://demoapps.qspiders.com/assets/DynamicTable-lULTBC5p.js:3:152
[  194506ms] ReferenceError: _ is not defined
    at https://demoapps.qspiders.com/assets/DynamicTable-lULTBC5p.js:3:152
[  200008ms] ReferenceError: _ is not defined
    at https://demoapps.qspiders.com/assets/DynamicTable-lULTBC5p.js:3:152
[  205499ms] ReferenceError: _ is not defined
    at https://demoapps.qspiders.com/assets/DynamicTable-lULTBC5p.js:3:152
[  210997ms] ReferenceError: _ is not defined
    at https://demoapps.qspiders.com/assets/DynamicTable-lULTBC5p.js:3:152
[  216495ms] ReferenceError: _ is not defined
    at https://demoapps.qspiders.com/assets/DynamicTable-lULTBC5p.js:3:152
[  222013ms] ReferenceError: _ is not defined
    at https://demoapps.qspiders.com/assets/DynamicTable-lULTBC5p.js:3:152
[  227500ms] ReferenceError: _ is not defined
    at https://demoapps.qspiders.com/assets/DynamicTable-lULTBC5p.js:3:152
[  232995ms] ReferenceError: _ is not defined
    at https://demoapps.qspiders.com/assets/DynamicTable-lULTBC5p.js:3:152
[  238497ms] ReferenceError: _ is not defined
    at https://demoapps.qspiders.com/assets/DynamicTable-lULTBC5p.js:3:152
[  244003ms] ReferenceError: _ is not defined
    at https://demoapps.qspiders.com/assets/DynamicTable-lULTBC5p.js:3:152
[  249639ms] ReferenceError: _ is not defined
    at https://demoapps.qspiders.com/assets/DynamicTable-lULTBC5p.js:3:152
[  254996ms] ReferenceError: _ is not defined
    at https://demoapps.qspiders.com/assets/DynamicTable-lULTBC5p.js:3:152
[  260507ms] ReferenceError: _ is not defined
    at https://demoapps.qspiders.com/assets/DynamicTable-lULTBC5p.js:3:152
[  266009ms] ReferenceError: _ is not defined
    at https://demoapps.qspiders.com/assets/DynamicTable-lULTBC5p.js:3:152
[  271500ms] ReferenceError: _ is not defined
    at https://demoapps.qspiders.com/assets/DynamicTable-lULTBC5p.js:3:152
[  277010ms] ReferenceError: _ is not defined
    at https://demoapps.qspiders.com/assets/DynamicTable-lULTBC5p.js:3:152
[  282523ms] ReferenceError: _ is not defined
    at https://demoapps.qspiders.com/assets/DynamicTable-lULTBC5p.js:3:152
[  288009ms] ReferenceError: _ is not defined
    at https://demoapps.qspiders.com/assets/DynamicTable-lULTBC5p.js:3:152
[  293510ms] ReferenceError: _ is not defined
    at https://demoapps.qspiders.com/assets/DynamicTable-lULTBC5p.js:3:152
[  299000ms] ReferenceError: _ is not defined
    at https://demoapps.qspiders.com/assets/DynamicTable-lULTBC5p.js:3:152
[  304498ms] ReferenceError: _ is not defined
    at https://demoapps.qspiders.com/assets/DynamicTable-lULTBC5p.js:3:152
[  310009ms] ReferenceError: _ is not defined
    at https://demoapps.qspiders.com/assets/DynamicTable-lULTBC5p.js:3:152
[  315508ms] ReferenceError: _ is not defined
    at https://demoapps.qspiders.com/assets/DynamicTable-lULTBC5p.js:3:152
[  321002ms] ReferenceError: _ is not defined
    at https://demoapps.qspiders.com/assets/DynamicTable-lULTBC5p.js:3:152
[  326499ms] ReferenceError: _ is not defined
    at https://demoapps.qspiders.com/assets/DynamicTable-lULTBC5p.js:3:152
[  332003ms] ReferenceError: _ is not defined
    at https://demoapps.qspiders.com/assets/DynamicTable-lULTBC5p.js:3:152
[  337501ms] ReferenceError: _ is not defined
    at https://demoapps.qspiders.com/assets/DynamicTable-lULTBC5p.js:3:152
[  343012ms] ReferenceError: _ is not defined
    at https://demoapps.qspiders.com/assets/DynamicTable-lULTBC5p.js:3:152
[  348502ms] ReferenceError: _ is not defined
    at https://demoapps.qspiders.com/assets/DynamicTable-lULTBC5p.js:3:152
[  354010ms] ReferenceError: _ is not defined
    at https://demoapps.qspiders.com/assets/DynamicTable-lULTBC5p.js:3:152
[  359499ms] ReferenceError: _ is not defined
    at https://demoapps.qspiders.com/assets/DynamicTable-lULTBC5p.js:3:152
[  365002ms] ReferenceError: _ is not defined
    at https://demoapps.qspiders.com/assets/DynamicTable-lULTBC5p.js:3:152
[  370508ms] ReferenceError: _ is not defined
    at https://demoapps.qspiders.com/assets/DynamicTable-lULTBC5p.js:3:152
[  376002ms] ReferenceError: _ is not defined
    at https://demoapps.qspiders.com/assets/DynamicTable-lULTBC5p.js:3:152
[  381499ms] ReferenceError: _ is not defined
    at https://demoapps.qspiders.com/assets/DynamicTable-lULTBC5p.js:3:152
[  387005ms] ReferenceError: _ is not defined
    at https://demoapps.qspiders.com/assets/DynamicTable-lULTBC5p.js:3:152
[  392500ms] ReferenceError: _ is not defined
    at https://demoapps.qspiders.com/assets/DynamicTable-lULTBC5p.js:3:152
[  398009ms] ReferenceError: _ is not defined
    at https://demoapps.qspiders.com/assets/DynamicTable-lULTBC5p.js:3:152
[  403498ms] ReferenceError: _ is not defined
    at https://demoapps.qspiders.com/assets/DynamicTable-lULTBC5p.js:3:152
[  409001ms] ReferenceError: _ is not defined
    at https://demoapps.qspiders.com/assets/DynamicTable-lULTBC5p.js:3:152
[  414509ms] ReferenceError: _ is not defined
    at https://demoapps.qspiders.com/assets/DynamicTable-lULTBC5p.js:3:152
[  420009ms] ReferenceError: _ is not defined
    at https://demoapps.qspiders.com/assets/DynamicTable-lULTBC5p.js:3:152
[  425508ms] ReferenceError: _ is not defined
    at https://demoapps.qspiders.com/assets/DynamicTable-lULTBC5p.js:3:152
[  431006ms] ReferenceError: _ is not defined
    at https://demoapps.qspiders.com/assets/DynamicTable-lULTBC5p.js:3:152
[  436580ms] ReferenceError: _ is not defined
    at https://demoapps.qspiders.com/assets/DynamicTable-lULTBC5p.js:3:152
[  442004ms] ReferenceError: _ is not defined
    at https://demoapps.qspiders.com/assets/DynamicTable-lULTBC5p.js:3:152
[  447501ms] ReferenceError: _ is not defined
    at https://demoapps.qspiders.com/assets/DynamicTable-lULTBC5p.js:3:152
[  453002ms] ReferenceError: _ is not defined
    at https://demoapps.qspiders.com/assets/DynamicTable-lULTBC5p.js:3:152
[  458500ms] ReferenceError: _ is not defined
    at https://demoapps.qspiders.com/assets/DynamicTable-lULTBC5p.js:3:152
[  464004ms] ReferenceError: _ is not defined
    at https://demoapps.qspiders.com/assets/DynamicTable-lULTBC5p.js:3:152
[  469504ms] ReferenceError: _ is not defined
    at https://demoapps.qspiders.com/assets/DynamicTable-lULTBC5p.js:3:152
[  475004ms] ReferenceError: _ is not defined
    at https://demoapps.qspiders.com/assets/DynamicTable-lULTBC5p.js:3:152
[  480502ms] ReferenceError: _ is not defined
    at https://demoapps.qspiders.com/assets/DynamicTable-lULTBC5p.js:3:152
[  486010ms] ReferenceError: _ is not defined
    at https://demoapps.qspiders.com/assets/DynamicTable-lULTBC5p.js:3:152
[  491503ms] ReferenceError: _ is not defined
    at https://demoapps.qspiders.com/assets/DynamicTable-lULTBC5p.js:3:152
[  496999ms] ReferenceError: _ is not defined
    at https://demoapps.qspiders.com/assets/DynamicTable-lULTBC5p.js:3:152
[  502498ms] ReferenceError: _ is not defined
    at https://demoapps.qspiders.com/assets/DynamicTable-lULTBC5p.js:3:152
[  508001ms] ReferenceError: _ is not defined
    at https://demoapps.qspiders.com/assets/DynamicTable-lULTBC5p.js:3:152
[  513505ms] ReferenceError: _ is not defined
    at https://demoapps.qspiders.com/assets/DynamicTable-lULTBC5p.js:3:152
[  519024ms] ReferenceError: _ is not defined
    at https://demoapps.qspiders.com/assets/DynamicTable-lULTBC5p.js:3:152
[  524499ms] ReferenceError: _ is not defined
    at https://demoapps.qspiders.com/assets/DynamicTable-lULTBC5p.js:3:152
[  530000ms] ReferenceError: _ is not defined
    at https://demoapps.qspiders.com/assets/DynamicTable-lULTBC5p.js:3:152
[  535506ms] ReferenceError: _ is not defined
    at https://demoapps.qspiders.com/assets/DynamicTable-lULTBC5p.js:3:152
[  541007ms] ReferenceError: _ is not defined
    at https://demoapps.qspiders.com/assets/DynamicTable-lULTBC5p.js:3:152
[  546504ms] ReferenceError: _ is not defined
    at https://demoapps.qspiders.com/assets/DynamicTable-lULTBC5p.js:3:152
[  552004ms] ReferenceError: _ is not defined
    at https://demoapps.qspiders.com/assets/DynamicTable-lULTBC5p.js:3:152
[  557510ms] ReferenceError: _ is not defined
    at https://demoapps.qspiders.com/assets/DynamicTable-lULTBC5p.js:3:152
[  562999ms] ReferenceError: _ is not defined
    at https://demoapps.qspiders.com/assets/DynamicTable-lULTBC5p.js:3:152
[  568502ms] ReferenceError: _ is not defined
    at https://demoapps.qspiders.com/assets/DynamicTable-lULTBC5p.js:3:152
[  573998ms] ReferenceError: _ is not defined
    at https://demoapps.qspiders.com/assets/DynamicTable-lULTBC5p.js:3:152
[  579499ms] ReferenceError: _ is not defined
    at https://demoapps.qspiders.com/assets/DynamicTable-lULTBC5p.js:3:152
[  585002ms] ReferenceError: _ is not defined
    at https://demoapps.qspiders.com/assets/DynamicTable-lULTBC5p.js:3:152
[  590497ms] ReferenceError: _ is not defined
    at https://demoapps.qspiders.com/assets/DynamicTable-lULTBC5p.js:3:152
[  595998ms] ReferenceError: _ is not defined
    at https://demoapps.qspiders.com/assets/DynamicTable-lULTBC5p.js:3:152
[  601498ms] ReferenceError: _ is not defined
    at https://demoapps.qspiders.com/assets/DynamicTable-lULTBC5p.js:3:152
[  607001ms] ReferenceError: _ is not defined
    at https://demoapps.qspiders.com/assets/DynamicTable-lULTBC5p.js:3:152
[  612511ms] ReferenceError: _ is not defined
    at https://demoapps.qspiders.com/assets/DynamicTable-lULTBC5p.js:3:152
[  618000ms] ReferenceError: _ is not defined
    at https://demoapps.qspiders.com/assets/DynamicTable-lULTBC5p.js:3:152
[  623498ms] ReferenceError: _ is not defined
    at https://demoapps.qspiders.com/assets/DynamicTable-lULTBC5p.js:3:152
[  629005ms] ReferenceError: _ is not defined
    at https://demoapps.qspiders.com/assets/DynamicTable-lULTBC5p.js:3:152
[  634502ms] ReferenceError: _ is not defined
    at https://demoapps.qspiders.com/assets/DynamicTable-lULTBC5p.js:3:152
[  640005ms] ReferenceError: _ is not defined
    at https://demoapps.qspiders.com/assets/DynamicTable-lULTBC5p.js:3:152
[  645501ms] ReferenceError: _ is not defined
    at https://demoapps.qspiders.com/assets/DynamicTable-lULTBC5p.js:3:152
[  650998ms] ReferenceError: _ is not defined
    at https://demoapps.qspiders.com/assets/DynamicTable-lULTBC5p.js:3:152
[  656505ms] ReferenceError: _ is not defined
    at https://demoapps.qspiders.com/assets/DynamicTable-lULTBC5p.js:3:152
[  662005ms] ReferenceError: _ is not defined
    at https://demoapps.qspiders.com/assets/DynamicTable-lULTBC5p.js:3:152
[  667501ms] ReferenceError: _ is not defined
    at https://demoapps.qspiders.com/assets/DynamicTable-lULTBC5p.js:3:152
[  672998ms] ReferenceError: _ is not defined
    at https://demoapps.qspiders.com/assets/DynamicTable-lULTBC5p.js:3:152
[  678504ms] ReferenceError: _ is not defined
    at https://demoapps.qspiders.com/assets/DynamicTable-lULTBC5p.js:3:152
[  683998ms] ReferenceError: _ is not defined
    at https://demoapps.qspiders.com/assets/DynamicTable-lULTBC5p.js:3:152
[  689504ms] ReferenceError: _ is not defined
    at https://demoapps.qspiders.com/assets/DynamicTable-lULTBC5p.js:3:152
[  695012ms] ReferenceError: _ is not defined
    at https://demoapps.qspiders.com/assets/DynamicTable-lULTBC5p.js:3:152
[  700502ms] ReferenceError: _ is not defined
    at https://demoapps.qspiders.com/assets/DynamicTable-lULTBC5p.js:3:152
[  706007ms] ReferenceError: _ is not defined
    at https://demoapps.qspiders.com/assets/DynamicTable-lULTBC5p.js:3:152
[  711504ms] ReferenceError: _ is not defined
    at https://demoapps.qspiders.com/assets/DynamicTable-lULTBC5p.js:3:152
[  717004ms] ReferenceError: _ is not defined
    at https://demoapps.qspiders.com/assets/DynamicTable-lULTBC5p.js:3:152
[  722508ms] ReferenceError: _ is not defined
    at https://demoapps.qspiders.com/assets/DynamicTable-lULTBC5p.js:3:152
[  727999ms] ReferenceError: _ is not defined
    at https://demoapps.qspiders.com/assets/DynamicTable-lULTBC5p.js:3:152
[  733513ms] ReferenceError: _ is not defined
    at https://demoapps.qspiders.com/assets/DynamicTable-lULTBC5p.js:3:152
